<html>
<body>
<pre>
<h1>µVision Build Log</h1>
<h2>Tool Versions:</h2>
IDE-Version: ¦ÌVision V5.23.0.0
Copyright (C) 2017 ARM Ltd and ARM Germany GmbH. All rights reserved.
License Information: 123456 Microsoft, Microsoft, LIC=UB401-CIHQH-48KFA-15L3Z-DUAX9-0A4GP
 
Tool Versions:
Toolchain:       MDK-ARM Professional  Version: 5.23
Toolchain Path:  C:\Keil_v5\ARM\ARMCC\Bin
C Compiler:      Armcc.exe V5.06 update 4 (build 422)
Assembler:       Armasm.exe V5.06 update 4 (build 422)
Linker/Locator:  ArmLink.exe V5.06 update 4 (build 422)
Library Manager: ArmAr.exe V5.06 update 4 (build 422)
Hex Converter:   FromElf.exe V5.06 update 4 (build 422)
CPU DLL:         SARMCM3.DLL V5.23
Dialog DLL:      DARMCM1.DLL V1.17.0.0
Target DLL:      STLink\ST-LINKIII-KEIL_SWO.dll V2.0.18.0
Dialog DLL:      TARMCM1.DLL V1.12.0.0
 
<h2>Project:</h2>
E:\STM32F0\STM32F091-FreeRTOS\Projects\STM32F0xx_StdPeriph_Templates\MDK-ARM\Project.uvprojx
Project File Date:  11/08/2018

<h2>Output:</h2>
*** Using Compiler 'V5.06 update 4 (build 422)', folder: 'C:\Keil_v5\ARM\ARMCC\Bin'
Rebuild target 'STM32F091'
assembling startup_stm32f091.s...
compiling system_stm32f0xx.c...
compiling main.c...
compiling stm32f0xx_it.c...
compiling stm32f0xx_pwr.c...
compiling stm32f0xx_exti.c...
compiling stm32f0xx_usart.c...
compiling stm32f0xx_spi.c...
compiling stm32f0xx_syscfg.c...
compiling stm32f0xx_flash.c...
compiling stm32f0xx_iwdg.c...
compiling stm32f0xx_adc.c...
compiling stm32f0xx_rcc.c...
compiling stm32f0xx_dma.c...
compiling stm32f0xx_rtc.c...
compiling stm32f0xx_gpio.c...
compiling stm32f0xx_dbgmcu.c...
compiling stm32f0xx_wwdg.c...
compiling stm32f0xx_crc.c...
compiling stm32f0xx_i2c.c...
compiling stm32f0xx_misc.c...
compiling stm32f0xx_can.c...
compiling stm32f0xx_tim.c...
compiling stm32f0xx_comp.c...
compiling stm32f0xx_crs.c...
compiling delay.c...
compiling stm32f0xx_dac.c...
compiling stm32f0xx_cec.c...
compiling led.c...
compiling timer.c...
compiling COMP.c...
compiling PWM.c...
compiling USART.c...
compiling ADC.c...
compiling GPIO.c...
compiling MOTOR.c...
compiling BLMC.c...
compiling DMA.c...
compiling FreeRTOSTask.c...
compiling croutine.c...
compiling event_groups.c...
compiling list.c...
compiling queue.c...
compiling tasks.c...
compiling timers.c...
compiling heap_4.c...
compiling port.c...
linking...
Program Size: Code=4516 RO-data=220 RW-data=180 ZI-data=4636  
"STM32F091\STM32F091.axf" - 0 Error(s), 0 Warning(s).

<h2>Collection of Component include folders:</h2>
  .\RTE\_STM32F091
  C:\Keil_v5\ARM\PACK\Keil\STM32F0xx_DFP\1.5.0\Device\Include

<h2>Collection of Component Files used:</h2>
Build Time Elapsed:  00:00:16
</pre>
</body>
</html>
